[mxfp4] REAP: keeping 179-179 of 896 experts per layer (mean 179, 20.0%)
[mxfp4] layer   0/92     0.4s  written      4.7 GB  elapsed    0.0m
[mxfp4] layer   1/92     1.8s  written      9.1 GB  elapsed    0.0m
[mxfp4] layer   2/92     1.6s  written     13.5 GB  elapsed    0.1m
[mxfp4] layer   3/92     1.5s  written     17.5 GB  elapsed    0.1m
[mxfp4] layer   4/92     0.8s  written     21.9 GB  elapsed    0.1m
[mxfp4] layer   5/92     1.6s  written     26.3 GB  elapsed    0.1m
[mxfp4] layer   6/92     1.6s  written     30.7 GB  elapsed    0.2m
[mxfp4] layer   7/92     1.5s  written     34.6 GB  elapsed    0.2m
[mxfp4] layer   8/92     0.9s  written     39.0 GB  elapsed    0.2m
[mxfp4] layer   9/92     1.6s  written     43.4 GB  elapsed    0.2m
[mxfp4] layer  10/92     1.6s  written     47.8 GB  elapsed    0.3m
[mxfp4] layer  11/92     1.5s  written     51.8 GB  elapsed    0.3m
[mxfp4] layer  12/92     0.9s  written     56.2 GB  elapsed    0.3m
[mxfp4] layer  13/92     1.6s  written     60.6 GB  elapsed    0.3m
[mxfp4] layer  14/92     1.6s  written     65.0 GB  elapsed    0.3m
[mxfp4] layer  15/92     1.5s  written     69.0 GB  elapsed    0.4m
[mxfp4] layer  16/92     0.9s  written     73.4 GB  elapsed    0.4m
[mxfp4] layer  17/92     1.6s  written     77.8 GB  elapsed    0.4m
[mxfp4] layer  18/92     1.7s  written     82.2 GB  elapsed    0.4m
[mxfp4] layer  19/92     1.5s  written     86.1 GB  elapsed    0.5m
[mxfp4] layer  20/92     0.9s  written     90.5 GB  elapsed    0.5m
[mxfp4] layer  21/92     1.6s  written     94.9 GB  elapsed    0.5m
[mxfp4] layer  22/92     1.6s  written     99.3 GB  elapsed    0.5m
[mxfp4] layer  23/92     1.5s  written    103.3 GB  elapsed    0.6m
[mxfp4] layer  24/92     0.9s  written    107.7 GB  elapsed    0.6m
[mxfp4] layer  25/92     1.6s  written    112.1 GB  elapsed    0.6m
[mxfp4] layer  26/92     1.7s  written    116.5 GB  elapsed    0.6m
[mxfp4] layer  27/92     1.5s  written    120.5 GB  elapsed    0.6m
[mxfp4] layer  28/92     0.9s  written    124.9 GB  elapsed    0.7m
[mxfp4] layer  29/92     1.6s  written    129.3 GB  elapsed    0.7m
[mxfp4] layer  30/92     1.6s  written    133.7 GB  elapsed    0.7m
[mxfp4] layer  31/92     1.5s  written    137.6 GB  elapsed    0.7m
[mxfp4] layer  32/92     0.9s  written    142.0 GB  elapsed    0.8m
[mxfp4] layer  33/92     1.6s  written    146.4 GB  elapsed    0.8m
[mxfp4] layer  34/92     1.6s  written    150.8 GB  elapsed    0.8m
[mxfp4] layer  35/92     1.5s  written    154.8 GB  elapsed    0.8m
[mxfp4] layer  36/92     0.9s  written    159.2 GB  elapsed    0.8m
[mxfp4] layer  37/92     1.6s  written    163.6 GB  elapsed    0.9m
[mxfp4] layer  38/92     1.6s  written    168.0 GB  elapsed    0.9m
[mxfp4] layer  39/92     1.5s  written    172.0 GB  elapsed    0.9m
[mxfp4] layer  40/92     0.9s  written    176.4 GB  elapsed    0.9m
[mxfp4] layer  41/92     1.6s  written    180.8 GB  elapsed    1.0m
[mxfp4] layer  42/92     1.6s  written    185.2 GB  elapsed    1.0m
[mxfp4] layer  43/92     1.6s  written    189.2 GB  elapsed    1.0m
[mxfp4] layer  44/92     0.8s  written    193.6 GB  elapsed    1.0m
[mxfp4] layer  45/92     1.6s  written    198.0 GB  elapsed    1.1m
[mxfp4] layer  46/92     1.6s  written    202.3 GB  elapsed    1.1m
[mxfp4] layer  47/92     1.5s  written    206.3 GB  elapsed    1.1m
[mxfp4] layer  48/92     0.9s  written    210.7 GB  elapsed    1.1m
[mxfp4] layer  49/92     1.6s  written    215.1 GB  elapsed    1.2m
[mxfp4] layer  50/92     1.6s  written    219.5 GB  elapsed    1.2m
[mxfp4] layer  51/92     1.5s  written    223.5 GB  elapsed    1.2m
[mxfp4] layer  52/92     0.9s  written    227.9 GB  elapsed    1.2m
[mxfp4] layer  53/92     1.6s  written    232.3 GB  elapsed    1.2m
[mxfp4] layer  54/92     1.6s  written    236.7 GB  elapsed    1.3m
[mxfp4] layer  55/92     1.5s  written    240.7 GB  elapsed    1.3m
[mxfp4] layer  56/92     0.9s  written    245.1 GB  elapsed    1.3m
[mxfp4] layer  57/92     1.6s  written    249.5 GB  elapsed    1.3m
[mxfp4] layer  58/92     1.6s  written    253.9 GB  elapsed    1.4m
[mxfp4] layer  59/92     1.5s  written    257.8 GB  elapsed    1.4m
[mxfp4] layer  60/92     0.9s  written    262.2 GB  elapsed    1.4m
[mxfp4] layer  61/92     1.6s  written    266.6 GB  elapsed    1.4m
[mxfp4] layer  62/92     1.6s  written    271.0 GB  elapsed    1.5m
[mxfp4] layer  63/92     1.5s  written    275.0 GB  elapsed    1.5m
[mxfp4] layer  64/92     0.9s  written    279.4 GB  elapsed    1.5m
[mxfp4] layer  65/92     1.6s  written    283.8 GB  elapsed    1.5m
[mxfp4] layer  66/92     1.6s  written    288.2 GB  elapsed    1.5m
[mxfp4] layer  67/92     1.5s  written    292.2 GB  elapsed    1.6m
[mxfp4] layer  68/92     0.9s  written    296.6 GB  elapsed    1.6m
[mxfp4] layer  69/92     1.6s  written    301.0 GB  elapsed    1.6m
[mxfp4] layer  70/92     1.6s  written    305.4 GB  elapsed    1.6m
[mxfp4] layer  71/92     1.5s  written    309.3 GB  elapsed    1.7m
[mxfp4] layer  72/92     0.9s  written    313.7 GB  elapsed    1.7m
[mxfp4] layer  73/92     1.6s  written    318.1 GB  elapsed    1.7m
[mxfp4] layer  74/92     1.6s  written    322.5 GB  elapsed    1.7m
[mxfp4] layer  75/92     1.5s  written    326.5 GB  elapsed    1.8m
[mxfp4] layer  76/92     0.9s  written    330.9 GB  elapsed    1.8m
[mxfp4] layer  77/92     1.6s  written    335.3 GB  elapsed    1.8m
[mxfp4] layer  78/92     1.6s  written    339.7 GB  elapsed    1.8m
[mxfp4] layer  79/92     1.5s  written    343.7 GB  elapsed    1.8m
[mxfp4] layer  80/92     0.9s  written    348.1 GB  elapsed    1.9m
[mxfp4] layer  81/92     1.6s  written    352.5 GB  elapsed    1.9m
[mxfp4] layer  82/92     1.6s  written    356.9 GB  elapsed    1.9m
[mxfp4] layer  83/92     1.5s  written    360.8 GB  elapsed    1.9m
[mxfp4] layer  84/92     0.9s  written    365.2 GB  elapsed    2.0m
[mxfp4] layer  85/92     1.7s  written    369.6 GB  elapsed    2.0m
[mxfp4] layer  86/92     1.7s  written    374.0 GB  elapsed    2.0m
[mxfp4] layer  87/92     1.5s  written    378.0 GB  elapsed    2.0m
[mxfp4] layer  88/92     0.7s  written    382.4 GB  elapsed    2.0m
[mxfp4] layer  89/92     1.6s  written    386.8 GB  elapsed    2.1m
[mxfp4] layer  90/92     1.6s  written    391.2 GB  elapsed    2.1m
[mxfp4] layer  91/92     1.4s  written    395.2 GB  elapsed    2.1m
[mxfp4] layer  92/92     0.9s  written    399.2 GB  elapsed    2.1m
[mxfp4] vision tower: 168 tensors copied bf16
[mxfp4] DONE  0.402 TB  70 shards  2.2 min -> $K3_BUILD
