[mxfp4] REAP: keeping 179-179 of 896 experts per layer (mean 179, 20.0%)
[mxfp4] layer   0/92     0.2s  written      2.5 GB  elapsed    0.0m
[mxfp4] layer   1/92     1.3s  written      6.3 GB  elapsed    0.0m
[mxfp4] layer   2/92     0.4s  written     10.1 GB  elapsed    0.0m
[mxfp4] layer   3/92     1.3s  written     13.7 GB  elapsed    0.1m
[mxfp4] layer   4/92     0.4s  written     17.5 GB  elapsed    0.1m
[mxfp4] layer   5/92     1.2s  written     21.3 GB  elapsed    0.1m
[mxfp4] layer   6/92     1.3s  written     25.1 GB  elapsed    0.1m
[mxfp4] layer   7/92     0.4s  written     28.7 GB  elapsed    0.1m
[mxfp4] layer   8/92     1.3s  written     32.5 GB  elapsed    0.1m
[mxfp4] layer   9/92     1.2s  written     36.3 GB  elapsed    0.2m
[mxfp4] layer  10/92     0.5s  written     40.1 GB  elapsed    0.2m
[mxfp4] layer  11/92     1.3s  written     43.7 GB  elapsed    0.2m
[mxfp4] layer  12/92     0.4s  written     47.5 GB  elapsed    0.2m
[mxfp4] layer  13/92     1.2s  written     51.3 GB  elapsed    0.2m
[mxfp4] layer  14/92     1.3s  written     55.1 GB  elapsed    0.2m
[mxfp4] layer  15/92     0.4s  written     58.7 GB  elapsed    0.2m
[mxfp4] layer  16/92     1.3s  written     62.5 GB  elapsed    0.3m
[mxfp4] layer  17/92     1.2s  written     66.3 GB  elapsed    0.3m
[mxfp4] layer  18/92     0.5s  written     70.2 GB  elapsed    0.3m
[mxfp4] layer  19/92     1.3s  written     73.7 GB  elapsed    0.3m
[mxfp4] layer  20/92     0.4s  written     77.5 GB  elapsed    0.3m
[mxfp4] layer  21/92     1.2s  written     81.4 GB  elapsed    0.3m
[mxfp4] layer  22/92     1.3s  written     85.2 GB  elapsed    0.4m
[mxfp4] layer  23/92     0.4s  written     88.7 GB  elapsed    0.4m
[mxfp4] layer  24/92     1.3s  written     92.6 GB  elapsed    0.4m
[mxfp4] layer  25/92     1.2s  written     96.4 GB  elapsed    0.4m
[mxfp4] layer  26/92     0.5s  written    100.2 GB  elapsed    0.4m
[mxfp4] layer  27/92     1.3s  written    103.8 GB  elapsed    0.4m
[mxfp4] layer  28/92     0.5s  written    107.6 GB  elapsed    0.4m
[mxfp4] layer  29/92     1.2s  written    111.4 GB  elapsed    0.5m
[mxfp4] layer  30/92     1.3s  written    115.2 GB  elapsed    0.5m
[mxfp4] layer  31/92     0.4s  written    118.8 GB  elapsed    0.5m
[mxfp4] layer  32/92     1.3s  written    122.6 GB  elapsed    0.5m
[mxfp4] layer  33/92     1.2s  written    126.4 GB  elapsed    0.5m
[mxfp4] layer  34/92     0.5s  written    130.2 GB  elapsed    0.5m
[mxfp4] layer  35/92     1.3s  written    133.8 GB  elapsed    0.6m
[mxfp4] layer  36/92     0.5s  written    137.6 GB  elapsed    0.6m
[mxfp4] layer  37/92     1.2s  written    141.4 GB  elapsed    0.6m
[mxfp4] layer  38/92     1.3s  written    145.2 GB  elapsed    0.6m
[mxfp4] layer  39/92     0.4s  written    148.8 GB  elapsed    0.6m
[mxfp4] layer  40/92     1.3s  written    152.6 GB  elapsed    0.6m
[mxfp4] layer  41/92     1.2s  written    156.4 GB  elapsed    0.7m
[mxfp4] layer  42/92     0.5s  written    160.2 GB  elapsed    0.7m
[mxfp4] layer  43/92     1.3s  written    163.8 GB  elapsed    0.7m
[mxfp4] layer  44/92     0.5s  written    167.6 GB  elapsed    0.7m
[mxfp4] layer  45/92     1.2s  written    171.4 GB  elapsed    0.7m
[mxfp4] layer  46/92     1.3s  written    175.2 GB  elapsed    0.7m
[mxfp4] layer  47/92     0.4s  written    178.8 GB  elapsed    0.7m
[mxfp4] layer  48/92     1.3s  written    182.6 GB  elapsed    0.8m
[mxfp4] layer  49/92     1.2s  written    186.4 GB  elapsed    0.8m
[mxfp4] layer  50/92     0.5s  written    190.2 GB  elapsed    0.8m
[mxfp4] layer  51/92     1.3s  written    193.8 GB  elapsed    0.8m
[mxfp4] layer  52/92     0.5s  written    197.6 GB  elapsed    0.8m
[mxfp4] layer  53/92     1.2s  written    201.4 GB  elapsed    0.8m
[mxfp4] layer  54/92     1.3s  written    205.3 GB  elapsed    0.9m
[mxfp4] layer  55/92     0.4s  written    208.8 GB  elapsed    0.9m
[mxfp4] layer  56/92     1.3s  written    212.6 GB  elapsed    0.9m
[mxfp4] layer  57/92     1.2s  written    216.5 GB  elapsed    0.9m
[mxfp4] layer  58/92     0.5s  written    220.3 GB  elapsed    0.9m
[mxfp4] layer  59/92     1.3s  written    223.9 GB  elapsed    0.9m
[mxfp4] layer  60/92     0.4s  written    227.7 GB  elapsed    1.0m
[mxfp4] layer  61/92     1.2s  written    231.5 GB  elapsed    1.0m
[mxfp4] layer  62/92     1.3s  written    235.3 GB  elapsed    1.0m
[mxfp4] layer  63/92     0.4s  written    238.9 GB  elapsed    1.0m
[mxfp4] layer  64/92     1.3s  written    242.7 GB  elapsed    1.0m
[mxfp4] layer  65/92     1.2s  written    246.5 GB  elapsed    1.0m
[mxfp4] layer  66/92     0.5s  written    250.3 GB  elapsed    1.0m
[mxfp4] layer  67/92     1.3s  written    253.9 GB  elapsed    1.1m
[mxfp4] layer  68/92     0.4s  written    257.7 GB  elapsed    1.1m
[mxfp4] layer  69/92     1.2s  written    261.5 GB  elapsed    1.1m
[mxfp4] layer  70/92     1.3s  written    265.3 GB  elapsed    1.1m
[mxfp4] layer  71/92     0.4s  written    268.9 GB  elapsed    1.1m
[mxfp4] layer  72/92     1.3s  written    272.7 GB  elapsed    1.1m
[mxfp4] layer  73/92     1.3s  written    276.5 GB  elapsed    1.2m
[mxfp4] layer  74/92     0.5s  written    280.3 GB  elapsed    1.2m
[mxfp4] layer  75/92     1.3s  written    283.9 GB  elapsed    1.2m
[mxfp4] layer  76/92     0.5s  written    287.7 GB  elapsed    1.2m
[mxfp4] layer  77/92     1.2s  written    291.5 GB  elapsed    1.2m
[mxfp4] layer  78/92     1.3s  written    295.3 GB  elapsed    1.2m
[mxfp4] layer  79/92     0.4s  written    298.9 GB  elapsed    1.3m
[mxfp4] layer  80/92     1.3s  written    302.7 GB  elapsed    1.3m
[mxfp4] layer  81/92     1.4s  written    306.5 GB  elapsed    1.3m
[mxfp4] layer  82/92     0.5s  written    310.3 GB  elapsed    1.3m
[mxfp4] layer  83/92     1.3s  written    313.9 GB  elapsed    1.3m
[mxfp4] layer  84/92     0.5s  written    317.7 GB  elapsed    1.3m
[mxfp4] layer  85/92     1.2s  written    321.5 GB  elapsed    1.4m
[mxfp4] layer  86/92     1.3s  written    325.3 GB  elapsed    1.4m
[mxfp4] layer  87/92     0.6s  written    328.9 GB  elapsed    1.4m
[mxfp4] layer  88/92     1.8s  written    332.7 GB  elapsed    1.4m
[mxfp4] layer  89/92     1.6s  written    336.5 GB  elapsed    1.4m
[mxfp4] layer  90/92     0.9s  written    340.4 GB  elapsed    1.5m
[mxfp4] layer  91/92     1.6s  written    343.9 GB  elapsed    1.5m
[mxfp4] layer  92/92     0.8s  written    347.5 GB  elapsed    1.5m
[mxfp4] vision tower: 168 tensors copied bf16
[mxfp4] DONE  0.350 TB  59 shards  1.5 min -> $K3_BUILD
