[mem] wired limit 515 GB (Metal recommendation, same value mlx-lm uses)
[hr] loading $K3_BUILD ...
[hr] loaded in 43s | peak 349 GB

======================================================================
[hr-prose]  (croatian)
======================================================================
PROMPT: Objasni ukratko razliku između svršenih i nesvršenih glagola u hrvatskom jeziku.
prefill 55 tok in 9.1s

Ukratko, razlika između svršenih i nesvršenih glagola u hrvatskom jeziku je sljedeća:

**Svršeni glagoli** označavaju radnju koja je **završena, cjelovita ili ima jasno određen cilj** — dakle radnju koja se dogodila (ili se dogoditi) kao **jedinstven, dovršen čin**.  
**Nesvršeni glagoli** označavaju radnju koja **traje, ponavlja se ili nije dovršena** — dakle radnju koja se odvija, još uvijek traje ili se ponavlja.

Na primjer:

- **napisati** (svršeni) = završiti pisanje, doći do cilja  
- **pisati** (nesvršeni) = radnja koja traje, ponavlja se, nije dovršena

- **pročitati** (svršeni) = završiti čitanje

--> 250 tok in 48.1s = 5.20 tok/s

======================================================================
[hr-business]  (croatian)
======================================================================
PROMPT: Napiši kratku obavijest zaposlenicima trgovine o promjeni radnog vremena tijekom blagdana. Najviše 80 riječi.
prefill 64 tok in 1.6s

Zaposlenicima trgovine poručujem da se radno vrijeme tijekom blagdana mijenja.

--> 29 tok in 5.6s = 5.21 tok/s

======================================================================
[hr-code]  (croatian+code)
======================================================================
PROMPT: Napiši Python funkciju koja provjerava je li OIB (hrvatski osobni identifikacijski broj) ispravan, uključujući kontrolnu
prefill 69 tok in 1.8s

```python
def is_valid_oib(oib: str) -> bool:
    """
    Provjerava ispravnost OIB-a (hrvatskog osobnog identifikacijskog broja) s kontrolnom znamenkom.

    OIB mora biti string od 11 znakova: 10 numeričkih znakova i kontrolna znamenka na kraju.
    Kontrolna znamenka se računa prema pravilima ISO-30 standarda (kao što se koristi u Poreznoj i Zakonu o porezu).

    Args:
        oib (str): OIB kao string.

    Returns:
        bool: True ako je ispravan, False ako nije.
    """
    if not isinstance(oib, str) or len(oib) != 11 or not oib.isdigit():
        return False

    # Prvih 10 znakova su numerički podaci, zadnji je kontrolna znamenka
    digits = [int(c) for c in oib[:10]]
    control = int(oib[10])

    # ISO

--> 250 tok in 48.1s = 5.20 tok/s

======================================================================
[code]  (control)
======================================================================
PROMPT: Write a Python function `merge_intervals(intervals)` that merges overlapping closed intervals given as (start, end) tupl
prefill 46 tok in 1.4s

Here is a code to implement `merge_intervals(intervals)` that merges overlapping closed intervals given as (start, end) tuples. It should be robust, clear, and include examples + edge cases. Focus on algorithmic uniqueness without other imports (no imports needed).

--> 54 tok in 10.4s = 5.21 tok/s

======================================================================
[zh]  (negative control — pruned away on purpose)
======================================================================
PROMPT: 简要解释机器学习的基本原理。
prefill 27 tok in 0.8s



--> 0 tok in 0.0s = 0.00 tok/s

======================================================================
mean decode: 4.16 tok/s
[hr] HR-SMOKE-DONE
